[1/58] _homepage                                        type=127 col=5 rad=7
[2/58] 404                                              type=36 col=4 rad=3
[3/58] tpl__footer                                      type=21 col=1 rad=3
[4/58] tpl__footer-layout-2                             type=20 col=1 rad=2
[5/58] tpl__footer-layout-3                             type=20 col=1 rad=1
[6/58] tpl__footer-layout-4                             type=3 col=1 rad=2
[7/58] tpl__header                                      type=8 col=4 rad=2
[8/58] tpl__header-layout-2                             type=7 col=2 rad=1
[9/58] tpl__header-layout-3                             type=9 col=3 rad=1
[10/58] tpl__header-layout-4                             type=7 col=2 rad=1
[11/58] about-us                                         type=107 col=4 rad=6
[12/58] blog                                             type=39 col=4 rad=3
[13/58] book-appointment                                 type=49 col=4 rad=4
[14/58] casestudy                                        type=42 col=4 rad=4
[15/58] choose-a-qualified-surgeon-for-safe              type=56 col=3 rad=5
[16/58] contact-us                                       type=40 col=4 rad=5
[17/58] faqs                                             type=61 col=4 rad=4
[18/58] follow-pre-surgery-guidelines-to-ensure-a-smooth type=56 col=3 rad=5
[19/58] home-image                                       type=125 col=4 rad=7
[20/58] home-slider                                      type=141 col=4 rad=7
[21/58] home-video                                       type=125 col=4 rad=7
[22/58] image-gallery                                    type=31 col=4 rad=4
[23/58] maintain-a-healthy-lifestyle-for-better-healing  type=56 col=3 rad=5
[24/58] myths-and-facts-about-plastic-surgery            type=56 col=4 rad=5
[25/58] our-team                                         type=39 col=4 rad=3
[26/58] services                                         type=84 col=4 rad=3
[27/58] testimonials                                     type=62 col=4 rad=3
[28/58] top-tips-for-preparing-for-plastic-surgery       type=56 col=3 rad=5
[29/58] video-gallery                                    type=31 col=4 rad=4
[30/58] what-to-expect-during-your-first-consultation    type=56 col=3 rad=5
[31/58] casestudy__a-smoother-glowing-complexion         type=72 col=4 rad=5
[32/58] casestudy__clear-radiant-skin-guide              type=72 col=4 rad=5
[33/58] casestudy__glow-up-perfect-skin-routine          type=72 col=4 rad=5
[34/58] casestudy__natural-beautiful-results             type=72 col=4 rad=5
[35/58] casestudy__radiant-skin-tips-for-a-glow          type=72 col=4 rad=5
[36/58] casestudy__restoring-post-pregnancy-beauty       type=72 col=4 rad=5
[37/58] casestudy__restoring-youthful-radiance           type=72 col=4 rad=5
[38/58] casestudy__secrets-to-soft-radiant-skin          type=72 col=4 rad=5
[39/58] casestudy__smooth-skin-radiant-glow-tips         type=72 col=4 rad=5
[40/58] category__uncategorized                          type=40 col=3 rad=3
[41/58] elementskit-content__dynamic-content-widget-1690 type=5 col=1 rad=2
[42/58] elementskit-content__dynamic-content-widget-1690 type=5 col=1 rad=2
[43/58] elementskit-content__dynamic-content-widget-2548 type=7 col=1 rad=1
[44/58] elementskit-content__dynamic-content-widget-47f2 type=5 col=1 rad=2
[45/58] elementskit-content__dynamic-content-widget-47f2 type=5 col=1 rad=2
[46/58] our-team__dr-ayesha-kapoor                       type=56 col=4 rad=4
[47/58] our-team__dr-cameron-williamson                  type=56 col=4 rad=4
[48/58] our-team__dr-neha-verma                          type=56 col=4 rad=4
[49/58] our-team__dr-rahul-mehta                         type=56 col=4 rad=4
[50/58] services__botox-and-dermal-fillers               type=65 col=5 rad=4
[51/58] services__laser-skin-or-treatments               type=65 col=5 rad=4
[52/58] services__male-aesthetic-procedures              type=63 col=5 rad=4
[53/58] services__medical-spa-and-treatments             type=63 col=5 rad=4
[54/58] services__post-weight-loss-surgery               type=63 col=5 rad=4
[55/58] services__tighten-define-neck-contours           type=63 col=5 rad=4
[56/58] tag__book-now                                    type=40 col=3 rad=3
[57/58] tag__consultation                                type=40 col=3 rad=3
[58/58] tag__treatments                                  type=40 col=3 rad=3

DESIGN-COLLECT DONE ok=58 fail=0
