[desktop 1/58] _homepage                                           7731KB  h=12090
[desktop 2/58] 404                                                  244KB  h=2085
[desktop 3/58] tpl__footer                                          124KB  h=718
[desktop 4/58] tpl__footer-layout-2                                  85KB  h=475
[desktop 5/58] tpl__footer-layout-3                                  77KB  h=470
[desktop 6/58] tpl__footer-layout-4                                  47KB  h=377
[desktop 7/58] tpl__header                                           26KB  h=585
[desktop 8/58] tpl__header-layout-2                                  22KB  h=584
[desktop 9/58] tpl__header-layout-3                                  27KB  h=585
[desktop 10/58] tpl__header-layout-4                                  22KB  h=584
[desktop 11/58] about-us                                            5685KB  h=9522
[desktop 12/58] blog                                                1515KB  h=2389
[desktop 13/58] book-appointment                                    1231KB  h=3423
[desktop 14/58] casestudy                                           2023KB  h=2646
[desktop 15/58] choose-a-qualified-surgeon-for-safe                 1010KB  h=3777
[desktop 16/58] contact-us                                           642KB  h=2373
[desktop 17/58] faqs                                                 671KB  h=3813
[desktop 18/58] follow-pre-surgery-guidelines-to-ensure-a-smooth    1115KB  h=3849
[desktop 19/58] home-image                                          8208KB  h=12160
[desktop 20/58] home-slider                                         8209KB  h=12103
[desktop 21/58] home-video                                          7959KB  h=12160
[desktop 22/58] image-gallery                                       1709KB  h=2434
[desktop 23/58] maintain-a-healthy-lifestyle-for-better-healing     1168KB  h=3849
[desktop 24/58] myths-and-facts-about-plastic-surgery               1365KB  h=3777
[desktop 25/58] our-team                                            1365KB  h=2355
[desktop 26/58] services                                            2776KB  h=5798
[desktop 27/58] testimonials                                        1315KB  h=3609
[desktop 28/58] top-tips-for-preparing-for-plastic-surgery          1291KB  h=3849
[desktop 29/58] video-gallery                                       1772KB  h=2496
[desktop 30/58] what-to-expect-during-your-first-consultation       1393KB  h=3849
[desktop 31/58] casestudy__a-smoother-glowing-complexion            1597KB  h=4122
[desktop 32/58] casestudy__clear-radiant-skin-guide                 1591KB  h=4122
[desktop 33/58] casestudy__glow-up-perfect-skin-routine             1575KB  h=4122
[desktop 34/58] casestudy__natural-beautiful-results                1683KB  h=4122
[desktop 35/58] casestudy__radiant-skin-tips-for-a-glow             1658KB  h=4122
[desktop 36/58] casestudy__restoring-post-pregnancy-beauty          1577KB  h=4122
[desktop 37/58] casestudy__restoring-youthful-radiance              1743KB  h=4122
[desktop 38/58] casestudy__secrets-to-soft-radiant-skin             1594KB  h=4122
[desktop 39/58] casestudy__smooth-skin-radiant-glow-tips            1606KB  h=4122
[desktop 40/58] category__uncategorized                             1520KB  h=2389
[desktop 41/58] elementskit-content__dynamic-content-widget-1690da   917KB  h=765
[desktop 42/58] elementskit-content__dynamic-content-widget-1690da   838KB  h=765
[desktop 43/58] elementskit-content__dynamic-content-widget-2548a9     6KB  h=621
[desktop 44/58] elementskit-content__dynamic-content-widget-47f261   917KB  h=765
[desktop 45/58] elementskit-content__dynamic-content-widget-47f261   838KB  h=765
[desktop 46/58] our-team__dr-ayesha-kapoor                           815KB  h=3049
[desktop 47/58] our-team__dr-cameron-williamson                      765KB  h=3049
[desktop 48/58] our-team__dr-neha-verma                              735KB  h=3049
[desktop 49/58] our-team__dr-rahul-mehta                             790KB  h=3049
[desktop 50/58] services__botox-and-dermal-fillers                  1608KB  h=4326
[desktop 51/58] services__laser-skin-or-treatments                  1682KB  h=4326
[desktop 52/58] services__male-aesthetic-procedures                 1616KB  h=4326
[desktop 53/58] services__medical-spa-and-treatments                1603KB  h=4326
[desktop 54/58] services__post-weight-loss-surgery                  1599KB  h=4326
[desktop 55/58] services__tighten-define-neck-contours              1641KB  h=4326
[desktop 56/58] tag__book-now                                       1520KB  h=2389
[desktop 57/58] tag__consultation                                   1521KB  h=2389
[desktop 58/58] tag__treatments                                     1518KB  h=2389

SHOOT DONE captured=58 suspect=1
  SUSPECT desktop/elementskit-content__dynamic-content-widget-2548a92-99 {"ok":true,"kb":6,"height":621,"suspect":true}
