Scrape ID: 01a06077-2e62-7258-a0f1-575c865cf2e2
Scrape ID: 01a06077-403d-74d5-ae8e-85053250180f
Scrape ID: 01a06077-6514-71c2-b5f8-d9a56740b032
Scrape ID: 01a06077-94ac-7248-b7ec-d6771fc4f923
Scrape ID: 01a06077-a679-705a-8095-12a119f1a506
Scrape ID: 01a06077-b64e-714f-8a70-60929c63f8bb
Scrape ID: 01a06077-c5bd-740d-a8fd-d1061872cf64
Scrape ID: 01a06077-d371-74c0-abee-2ef3e2fc793f
Scrape ID: 01a06077-e652-739d-9797-fcee23e0f266
Scrape ID: 01a06078-194f-70fe-a4de-8b0f27f09e41
Scrape ID: 01a06078-2a39-7111-bb77-a1064ca29886
Scrape ID: 01a06078-593c-7095-b3f8-cb932669ba56
Scrape ID: 01a06078-6964-773f-b100-70e2dbc50d93
Scrape ID: 01a06078-877d-7011-a113-a33aae6f3555
Scrape ID: 01a06078-b4ff-77ca-bbf1-25fd24a144ef
Scrape ID: 01a06078-e554-7189-990d-de22b3adac9e
Scrape ID: 01a06078-f523-76a9-8a84-4aba3261a4f3
Scrape ID: 01a06079-274c-75cc-921b-db657057b7ab
Scrape ID: 01a06079-64ea-74e5-bcc5-88d2554e96a2
Scrape ID: 01a06079-7a9b-74eb-ae5c-7e5fdfd21c77
Scrape ID: 01a06079-b89b-7218-9450-8398dc31f33d
Scrape ID: 01a06079-c6c2-702c-a528-7fdfe3211560
Scrape ID: 01a0607a-03bf-71b9-b449-4cbd38fd4605
Scrape ID: 01a0607a-14fa-75dc-a562-db661d282e7c
Scrape ID: 01a0607a-28d7-764a-9388-11728c364d42
Scrape ID: 01a0607a-3809-74ce-94db-ca194b1a6884
Scrape ID: 01a0607a-479a-713a-9723-06156c102ca7
Scrape ID: 01a0607a-561e-774b-97b6-2383861ce6fb
Scrape ID: 01a0607a-91a8-7729-835b-f3a00e7d41be
Scrape ID: 01a0607a-9f6e-76c3-b08e-bcf2b35ac992
Scrape ID: 01a0607a-af32-7237-a7f8-13da3ef2479d
Scrape ID: 01a0607a-ed1f-7211-8de5-a0b9c6618630
Scrape ID: 01a0607a-ffdd-745b-801f-21eded788cca
Scrape ID: 01a0607b-1248-7148-9dcf-81cb43d96c5b
Scrape ID: 01a0607b-21da-737e-93ab-6a7409f948b6
Scrape ID: 01a0607b-2fd6-702b-941c-48fcc8afa47b
Scrape ID: 01a0607b-3d8c-7537-8721-2ab722601f98
Scrape ID: 01a0607b-4fb3-73e8-a872-36a8546f499a
Scrape ID: 01a0607b-5fdc-700d-868d-3b592c0f3ef5
Scrape ID: 01a0607b-968c-7719-aa1c-bb5f964c2849
Scrape ID: 01a0607b-a602-769c-aed5-2d207b008251
Scrape ID: 01a0607b-b7ea-7589-801a-4d4f6f09e57b
Error: Rate limit exceeded. Consumed (req/min): 11, Remaining (req/min): 0. Upgrade your plan at https://firecrawl.dev/pricing for increased rate limits or please retry after 5s, resets at Wed Sep 02 2026 04:58:48 GMT+0000 (Coordinated Universal Time)
Error: Rate limit exceeded. Consumed (req/min): 12, Remaining (req/min): 0. Upgrade your plan at https://firecrawl.dev/pricing for increased rate limits or please retry after 4s, resets at Wed Sep 02 2026 04:58:48 GMT+0000 (Coordinated Universal Time)
Error: Rate limit exceeded. Consumed (req/min): 13, Remaining (req/min): 0. Upgrade your plan at https://firecrawl.dev/pricing for increased rate limits or please retry after 3s, resets at Wed Sep 02 2026 04:58:48 GMT+0000 (Coordinated Universal Time)
Error: Rate limit exceeded. Consumed (req/min): 14, Remaining (req/min): 0. Upgrade your plan at https://firecrawl.dev/pricing for increased rate limits or please retry after 2s, resets at Wed Sep 02 2026 04:58:48 GMT+0000 (Coordinated Universal Time)
Error: Rate limit exceeded. Consumed (req/min): 15, Remaining (req/min): 0. Upgrade your plan at https://firecrawl.dev/pricing for increased rate limits or please retry after 1s, resets at Wed Sep 02 2026 04:58:48 GMT+0000 (Coordinated Universal Time)
Scrape ID: 01a0607b-ea46-74da-8f74-2a93fbf1fafa
Scrape ID: 01a0607b-fae2-73ed-a673-5b901e673706
Scrape ID: 01a0607c-2dab-725c-829a-eac8867f5234
Scrape ID: 01a0607c-4afb-761d-860b-8478dec85494
Scrape ID: 01a0607c-7d80-706d-8ba4-8e9cbd21d207
Scrape ID: 01a0607c-8e7c-74ea-9aeb-e19da7fa3bf8
Scrape ID: 01a0607c-c06c-700b-8004-5d8dbef7346f
Scrape ID: 01a0607c-cf1e-7793-94cd-706bc90fcda9
Scrape ID: 01a0607c-dea5-71ba-8d1a-1520d87b1006
Scrape ID: 01a0607c-edeb-742b-bd70-492ba3181ba5
Scrape ID: 01a0607c-fc76-73d1-9566-2f442f5a368f
Scrape ID: 01a0607d-1c23-743c-94e8-c9add010f45f
Scrape ID: 01a0607d-57a6-73ba-a082-05119d0d12bc
Scrape ID: 01a0607d-69cd-71f0-91f9-5ebe969ff63e
Scrape ID: 01a0607d-7bcb-708e-af31-6d917874f3ee
Scrape ID: 01a0607d-8f4e-738b-a15e-bf962af3ed22
Scrape ID: 01a0607d-ab31-73da-b803-a5926d68b34c
Scrape ID: 01a0607d-bc4f-729f-b132-1c2ba15d29e8
Scrape ID: 01a0607d-cd69-728c-beae-6745097f16f2
Scrape ID: 01a0607d-deb9-7191-8076-4feadb5feb04
Scrape ID: 01a0607d-ef13-7215-b518-9991acd3b109
Scrape ID: 01a0607e-0025-74f1-890f-4227b742724c
Scrape ID: 01a0607e-0fc5-70ba-ba21-c0ce0c99006c
Scrape ID: 01a0607e-6809-77ce-b430-a2be20a54407
Scrape ID: 01a0607e-7b6f-7074-add5-9e7fbb8c9fa1
Scrape ID: 01a0607e-9a3f-74ca-86cb-9082c11ee7cb
Scrape ID: 01a0607e-ab16-7739-9ee5-71e27a2c9b6a
Scrape ID: 01a0607e-b983-77d8-bd56-7adedb23f855
Scrape ID: 01a0607e-dfdd-75a9-a81b-86c6470fec15
Scrape ID: 01a0607f-05f8-7029-bae4-6d3d8142410c
Scrape ID: 01a0607f-17a0-716f-b206-e665ac3e30a6
Scrape ID: 01a0607f-24f6-74a9-a093-5538ad976566
Scrape ID: 01a0607f-33a7-7679-9394-af6deb67cd9f
Scrape ID: 01a0607f-420d-7013-a6b6-a46823c6c504
Scrape ID: 01a0607f-5337-72af-bb95-d88acd16555f
Scrape ID: 01a0607f-6313-769b-9d35-f754a9befb4e
Scrape ID: 01a0607f-710a-7094-a933-637e7dcd0ff9
Error: Rate limit exceeded. Consumed (req/min): 11, Remaining (req/min): 0. Upgrade your plan at https://firecrawl.dev/pricing for increased rate limits or please retry after 9s, resets at Wed Sep 02 2026 05:02:52 GMT+0000 (Coordinated Universal Time)
Error: Rate limit exceeded. Consumed (req/min): 12, Remaining (req/min): 0. Upgrade your plan at https://firecrawl.dev/pricing for increased rate limits or please retry after 8s, resets at Wed Sep 02 2026 05:02:52 GMT+0000 (Coordinated Universal Time)
Error: Rate limit exceeded. Consumed (req/min): 13, Remaining (req/min): 0. Upgrade your plan at https://firecrawl.dev/pricing for increased rate limits or please retry after 7s, resets at Wed Sep 02 2026 05:02:52 GMT+0000 (Coordinated Universal Time)
Error: Rate limit exceeded. Consumed (req/min): 14, Remaining (req/min): 0. Upgrade your plan at https://firecrawl.dev/pricing for increased rate limits or please retry after 6s, resets at Wed Sep 02 2026 05:02:52 GMT+0000 (Coordinated Universal Time)
Error: Rate limit exceeded. Consumed (req/min): 15, Remaining (req/min): 0. Upgrade your plan at https://firecrawl.dev/pricing for increased rate limits or please retry after 5s, resets at Wed Sep 02 2026 05:02:52 GMT+0000 (Coordinated Universal Time)
Error: Rate limit exceeded. Consumed (req/min): 16, Remaining (req/min): 0. Upgrade your plan at https://firecrawl.dev/pricing for increased rate limits or please retry after 4s, resets at Wed Sep 02 2026 05:02:52 GMT+0000 (Coordinated Universal Time)
Error: Rate limit exceeded. Consumed (req/min): 17, Remaining (req/min): 0. Upgrade your plan at https://firecrawl.dev/pricing for increased rate limits or please retry after 3s, resets at Wed Sep 02 2026 05:02:52 GMT+0000 (Coordinated Universal Time)
Error: Rate limit exceeded. Consumed (req/min): 18, Remaining (req/min): 0. Upgrade your plan at https://firecrawl.dev/pricing for increased rate limits or please retry after 2s, resets at Wed Sep 02 2026 05:02:52 GMT+0000 (Coordinated Universal Time)
