[1/92] _homepage  md=23006 links=57 imgs=38
[2/92] abdominoplasty-tummy-tuck-treatment-in-bangalore  md=17783 links=54 imgs=20
[3/92] acne-scar-treatment-in-bangalore  md=20933 links=55 imgs=29
[4/92] anti-ageing-treatments-for-men-bengaluru  md=42858 links=91 imgs=8
[5/92] best-dermatologist-in-marathahalli-whitefield-bangalore  md=22141 links=55 imgs=21
[6/92] best-hair-loss-treatment-in-bangalore  md=19809 links=55 imgs=31
[7/92] best-hydrafacial-treatment-in-marathahalli-whitefield-bangalore  md=20345 links=55 imgs=32
[8/92] best-treatments-for-open-pores-and-uneven-skin-texture  md=31388 links=83 imgs=4
[9/92] blog-botox-vs-fillers-difference  md=32262 links=87 imgs=4
[10/92] blog-is-laser-treatment-safe-for-indian-skin  md=26542 links=77 imgs=4
[11/92] blogs  md=12222 links=65 imgs=10
[12/92] botox-treatment-in-bangalore-whitefield-and-marathahalli  md=21792 links=55 imgs=39
[13/92] breast-surgeries-in-bangalore  md=18976 links=54 imgs=21
[14/92] breast-surgery-specialist-evaluation-before-procedure  md=28305 links=92 imgs=4
[15/92] category__uncategorized  md=13795 links=66 imgs=12
[16/92] chemical-peel-treatment-in-bangalore  md=19145 links=55 imgs=29
[17/92] chemical-peels-vs-microneedling-vs-lasers-vs-injectables  md=29674 links=63 imgs=11
[18/92] choose-right-skin-treatment-dull-skin-pigmentation-acne-scars  md=24745 links=93 imgs=4
[19/92] choosing-the-right-skin-and-hair-doctor  md=23385 links=70 imgs=4
[20/92] coolsculpting-eliminate-stubborn-fat  md=25033 links=79 imgs=4
[21/92] cosmetic-dermatology-in-bangalore  md=9413 links=55 imgs=2
[22/92] cosmetic-plastic-surgery-in-marathahalli  md=14653 links=61 imgs=2
[23/92] cryolipolysis-coolsculpting-in-bangalore  md=17808 links=54 imgs=23
[24/92] cryolipolysis-vs-liposuction-bengaluru  md=36299 links=94 imgs=9
[25/92] dermal-fillers-treatment-bangalore  md=21953 links=55 imgs=34
[26/92] dr-chandhana-vishal-n-plastic-surgeon  md=10494 links=54 imgs=4
[27/92] dr-sumedha-tirthani-dermatologist  md=12990 links=54 imgs=9
[28/92] dr-thyagaraj-best-plastic-surgeon-in-bangalore  md=12419 links=54 imgs=11
[29/92] ear-lobe-repair-surgery-in-bangalore  md=20197 links=55 imgs=34
[30/92] earlobe-repair-surgery-bengaluru  md=29637 links=87 imgs=5
[31/92] fractional-co2-laser-skin-resurfacing-in-bangalore  md=18015 links=55 imgs=27
[32/92] gfc-hair-treatment-in-bangalore  md=19097 links=55 imgs=25
[33/92] gynecomastia-surgery-bengaluru  md=31927 links=85 imgs=10
[34/92] gynecomastia-surgery-in-bangalore  md=18299 links=54 imgs=19
[35/92] hair-analysis-in-bangalore  md=20834 links=55 imgs=30
[36/92] hair-transplant-in-bangalore-marathahalli-whitefield  md=19018 links=55 imgs=27
[37/92] hifu-a-non-surgical-facelift  md=23405 links=77 imgs=4
[38/92] hifu-treatment-in-bangalore  md=19303 links=55 imgs=32
[39/92] hollywood-facial-carbon-laser-peel-bangalore  md=19929 links=55 imgs=35
[40/92] how-can-you-treat-stubborn-pigmentation-and-achieve-clearer-skin  md=22853 links=73 imgs=4
[41/92] how-dermatologists-treat-acne-scars  md=26100 links=83 imgs=4
[42/92] how-long-do-dermal-fillers-last  md=24975 links=90 imgs=4
[43/92] FAIL how-to-prepare-skin-for-wedding
[44/92] FAIL hydrafacial-vs-chemical-peel
[45/92] FAIL image-gallery
[46/92] FAIL inch-reduction-treatment-in-bangalore
[47/92] FAIL iv-glutathione-treatment-in-bangalore
[48/92] iv-glutathione-treatment  md=21385 links=55 imgs=33
[49/92] laser-hair-removal-in-bangalore  md=22537 links=55 imgs=28
[50/92] laser-tattoo-removal-in-bangalore  md=20805 links=56 imgs=25
[51/92] laser-toning-for-pigmentation  md=36874 links=59 imgs=4
[52/92] laser-toning-treatment-in-bangalore  md=22600 links=55 imgs=35
[53/92] liposuction-treatment-in-bangalore  md=18283 links=54 imgs=24
[54/92] maintenance-page  md=6726 links=55 imgs=2
[55/92] medical-facial-vs-salon-facial  md=23732 links=80 imgs=4
[56/92] microdermabrasion-treatment-in-bangalore  md=19147 links=55 imgs=31
[57/92] mnrf-treatment-in-bangalore-microneedling-with-radio-frequency  md=19107 links=55 imgs=25
[58/92] mnrf-vs-co2-laser-for-acne-scars  md=31171 links=91 imgs=4
[59/92] mole-removal-treatment-in-bangalore  md=18402 links=55 imgs=24
[60/92] nad-iv-drips-treatment-in-bangalore  md=20962 links=55 imgs=31
[61/92] pdrn-salmon-dna-facial-benefits  md=30870 links=86 imgs=4
[62/92] phototherapy-for-skin-conditions  md=32294 links=90 imgs=4
[63/92] phototherapy-treatment-in-bangalore  md=20560 links=55 imgs=26
[64/92] privacy-policy  md=15492 links=57 imgs=3
[65/92] radio-frequency-skin-tightening-treatment  md=22432 links=55 imgs=33
[66/92] reconstructive-surgery-restoring-form-function-confidence  md=22887 links=74 imgs=4
[67/92] rf-vs-hifu-skin-tightening  md=30633 links=93 imgs=9
[68/92] rhinoplasty-nose-reshaping-surgery-bangalore  md=23373 links=78 imgs=4
[69/92] rhinoplasty-surgery-in-bangalore  md=19902 links=54 imgs=22
[70/92] salmon-sperm-pdrn-facial-in-bangalore  md=20629 links=54 imgs=33
[71/92] skin-boosters-treatment-bengaluru  md=31840 links=88 imgs=7
[72/92] skin-boosters-treatment-in-bangalore  md=18087 links=55 imgs=24
[73/92] skin-boosters-vs-dermal-fillers  md=31191 links=92 imgs=4
[74/92] skin-lightening-treatment-in-bangalore  md=19121 links=55 imgs=29
[75/92] skin-tightening-treatment-in-marathahalli-whitefield  md=19634 links=55 imgs=35
[76/92] terms-of-use  md=11578 links=58 imgs=3
[77/92] thread-lift-vs-fillers-how-to-choose-the-right-treatment  md=31527 links=87 imgs=9
[78/92] thread-lifts  md=19139 links=55 imgs=29
[79/92] vaser-liposuction-complete-guide  md=26449 links=77 imgs=4
[80/92] video-gallery  md=7069 links=54 imgs=33
[81/92] vitiligo-laser-treatment-in-bangalore  md=19008 links=54 imgs=26
[82/92] vitiligo-repigmentation-treatment  md=22719 links=77 imgs=4
[83/92] warts-removal-treatment-in-bangalore  md=18542 links=55 imgs=30
[84/92] weight-loss-injections-bangalore  md=24237 links=82 imgs=4
[85/92] FAIL weight-loss-injections-in-bangalore
[86/92] FAIL weight-loss-treatment-in-marathahalli
[87/92] FAIL what-is-preventive-botox-why-more-people-in-their-20s-and-30s-are-starting-early
[88/92] FAIL what-to-ask-before-cosmetic-surgery
[89/92] FAIL when-should-you-start-anti-ageing-treatments-in-bengaluru
[90/92] FAIL why-daily-sunscreen-is-your-best-skin-investment
[91/92] FAIL xanthelasma-removal-bengaluru
[92/92] FAIL xanthelasma-removal-treatment-in-bangalore
FC-DONE. markdown files: 79
