[mobile 1/92] _homepage                                            2557KB
[mobile 2/92] abdominoplasty-tummy-tuck-treatment-in-bangalore     2379KB
[mobile 3/92] acne-scar-treatment-in-bangalore                     2195KB
[mobile 4/92] anti-ageing-treatments-for-men-bengaluru             3837KB
[mobile 5/92] best-dermatologist-in-marathahalli-whitefield-bangal 2531KB
[mobile 6/92] best-hair-loss-treatment-in-bangalore                2524KB
[mobile 7/92] best-hydrafacial-treatment-in-marathahalli-whitefiel 2511KB
[mobile 8/92] best-treatments-for-open-pores-and-uneven-skin-textu 2291KB
[mobile 9/92] blog-botox-vs-fillers-difference                     2434KB
[mobile 10/92] blog-is-laser-treatment-safe-for-indian-skin         1952KB
[mobile 11/92] blogs                                                1067KB
[mobile 12/92] botox-treatment-in-bangalore-whitefield-and-marathah 2223KB
[mobile 13/92] breast-surgeries-in-bangalore                        2109KB
[mobile 14/92] breast-surgery-specialist-evaluation-before-procedur 2096KB
[mobile 15/92] category__uncategorized                              718KB
[mobile 16/92] chemical-peel-treatment-in-bangalore                 2146KB
[mobile 17/92] chemical-peels-vs-microneedling-vs-lasers-vs-injecta 2995KB
[mobile 18/92] choose-right-skin-treatment-dull-skin-pigmentation-a 1723KB
[mobile 19/92] choosing-the-right-skin-and-hair-doctor              2180KB
[mobile 20/92] coolsculpting-eliminate-stubborn-fat                 2231KB
[mobile 21/92] cosmetic-dermatology-in-bangalore                    396KB
[mobile 22/92] cosmetic-plastic-surgery-in-marathahalli             874KB
[mobile 23/92] cryolipolysis-coolsculpting-in-bangalore             2034KB
[mobile 24/92] cryolipolysis-vs-liposuction-bengaluru               3275KB
[mobile 25/92] dermal-fillers-treatment-bangalore                   2643KB
[mobile 26/92] dr-chandhana-vishal-n-plastic-surgeon                1105KB
[mobile 27/92] dr-sumedha-tirthani-dermatologist                    1438KB
[mobile 28/92] dr-thyagaraj-best-plastic-surgeon-in-bangalore       1218KB
[mobile 29/92] ear-lobe-repair-surgery-in-bangalore                 2107KB
[mobile 30/92] earlobe-repair-surgery-bengaluru                     2406KB
[mobile 31/92] fractional-co2-laser-skin-resurfacing-in-bangalore   2266KB
[mobile 32/92] gfc-hair-treatment-in-bangalore                      2349KB
[mobile 33/92] gynecomastia-surgery-bengaluru                       2881KB
[mobile 34/92] gynecomastia-surgery-in-bangalore                    2087KB
[mobile 35/92] hair-analysis-in-bangalore                           2099KB
[mobile 36/92] hair-transplant-in-bangalore-marathahalli-whitefield 2075KB
[mobile 37/92] hifu-a-non-surgical-facelift                         2049KB
[mobile 38/92] hifu-treatment-in-bangalore                          2226KB
[mobile 39/92] hollywood-facial-carbon-laser-peel-bangalore         2395KB
[mobile 40/92] how-can-you-treat-stubborn-pigmentation-and-achieve- 1996KB
[mobile 41/92] how-dermatologists-treat-acne-scars                  2218KB
[mobile 42/92] how-long-do-dermal-fillers-last                      1796KB
[mobile 43/92] how-to-prepare-skin-for-wedding                      3014KB
[mobile 44/92] hydrafacial-vs-chemical-peel                         2461KB
[mobile 45/92] image-gallery                                        2439KB
[mobile 46/92] inch-reduction-treatment-in-bangalore                409KB
[mobile 47/92] iv-glutathione-treatment-in-bangalore                3320KB
[mobile 48/92] iv-glutathione-treatment                             3509KB
[mobile 49/92] laser-hair-removal-in-bangalore                      2498KB
[mobile 50/92] laser-tattoo-removal-in-bangalore                    2526KB
[mobile 51/92] laser-toning-for-pigmentation                        3127KB
[mobile 52/92] laser-toning-treatment-in-bangalore                  2874KB
[mobile 53/92] liposuction-treatment-in-bangalore                   2224KB
[mobile 54/92] maintenance-page                                     188KB
[mobile 55/92] medical-facial-vs-salon-facial                       1748KB
[mobile 56/92] microdermabrasion-treatment-in-bangalore             2215KB
[mobile 57/92] mnrf-treatment-in-bangalore-microneedling-with-radio 2151KB
[mobile 58/92] mnrf-vs-co2-laser-for-acne-scars                     2365KB
[mobile 59/92] mole-removal-treatment-in-bangalore                  2223KB
[mobile 60/92] nad-iv-drips-treatment-in-bangalore                  2496KB
[mobile 61/92] pdrn-salmon-dna-facial-benefits                      2391KB
[mobile 62/92] phototherapy-for-skin-conditions                     2806KB
[mobile 63/92] phototherapy-treatment-in-bangalore                  2298KB
[mobile 64/92] privacy-policy                                       924KB
[mobile 65/92] radio-frequency-skin-tightening-treatment            2779KB
[mobile 66/92] reconstructive-surgery-restoring-form-function-confi 1681KB
[mobile 67/92] rf-vs-hifu-skin-tightening                           2682KB
[mobile 68/92] rhinoplasty-nose-reshaping-surgery-bangalore         1794KB
[mobile 69/92] rhinoplasty-surgery-in-bangalore                     2476KB
[mobile 70/92] salmon-sperm-pdrn-facial-in-bangalore                2566KB
[mobile 71/92] skin-boosters-treatment-bengaluru                    2673KB
[mobile 72/92] skin-boosters-treatment-in-bangalore                 2149KB
[mobile 73/92] skin-boosters-vs-dermal-fillers                      2368KB
[mobile 74/92] skin-lightening-treatment-in-bangalore               2284KB
[mobile 75/92] skin-tightening-treatment-in-marathahalli-whitefield 2222KB
[mobile 76/92] terms-of-use                                         560KB
[mobile 77/92] thread-lift-vs-fillers-how-to-choose-the-right-treat 2843KB
[mobile 78/92] thread-lifts                                         2273KB
[mobile 79/92] vaser-liposuction-complete-guide                     1999KB
[mobile 80/92] video-gallery                                        2532KB
[mobile 81/92] vitiligo-laser-treatment-in-bangalore                2077KB
[mobile 82/92] vitiligo-repigmentation-treatment                    1634KB
[mobile 83/92] warts-removal-treatment-in-bangalore                 2002KB
[mobile 84/92] weight-loss-injections-bangalore                     1939KB
[mobile 85/92] weight-loss-injections-in-bangalore                  2488KB
[mobile 86/92] weight-loss-treatment-in-marathahalli                630KB
[mobile 87/92] what-is-preventive-botox-why-more-people-in-their-20 2710KB
[mobile 88/92] what-to-ask-before-cosmetic-surgery                  2922KB
[mobile 89/92] when-should-you-start-anti-ageing-treatments-in-beng 3836KB
[mobile 90/92] why-daily-sunscreen-is-your-best-skin-investment     994KB
[mobile 91/92] xanthelasma-removal-bengaluru                        2900KB
[mobile 92/92] xanthelasma-removal-treatment-in-bangalore           2564KB

DONE. captured=92 suspect=0
