[desktop 1/92] _homepage                                            4624KB
[desktop 2/92] abdominoplasty-tummy-tuck-treatment-in-bangalore     4441KB
[desktop 3/92] acne-scar-treatment-in-bangalore                     3706KB
[desktop 4/92] anti-ageing-treatments-for-men-bengaluru             8495KB
[desktop 5/92] best-dermatologist-in-marathahalli-whitefield-bangal 4733KB
[desktop 6/92] best-hair-loss-treatment-in-bangalore                4810KB
[desktop 7/92] best-hydrafacial-treatment-in-marathahalli-whitefiel 4495KB
[desktop 8/92] best-treatments-for-open-pores-and-uneven-skin-textu 3613KB
[desktop 9/92] blog-botox-vs-fillers-difference                     3894KB
[desktop 10/92] blog-is-laser-treatment-safe-for-indian-skin         2842KB
[desktop 11/92] blogs                                                1531KB
[desktop 12/92] botox-treatment-in-bangalore-whitefield-and-marathah 4017KB
[desktop 13/92] breast-surgeries-in-bangalore                        3738KB
[desktop 14/92] breast-surgery-specialist-evaluation-before-procedur 3584KB
[desktop 15/92] category__uncategorized                              1359KB
[desktop 16/92] chemical-peel-treatment-in-bangalore                 3487KB
[desktop 17/92] chemical-peels-vs-microneedling-vs-lasers-vs-injecta 8776KB
[desktop 18/92] choose-right-skin-treatment-dull-skin-pigmentation-a 3015KB
[desktop 19/92] choosing-the-right-skin-and-hair-doctor              3383KB
[desktop 20/92] coolsculpting-eliminate-stubborn-fat                 3376KB
[desktop 21/92] cosmetic-dermatology-in-bangalore                    451KB
[desktop 22/92] cosmetic-plastic-surgery-in-marathahalli             1040KB
[desktop 23/92] cryolipolysis-coolsculpting-in-bangalore             3549KB
[desktop 24/92] cryolipolysis-vs-liposuction-bengaluru               8883KB
[desktop 25/92] dermal-fillers-treatment-bangalore                   5096KB
[desktop 26/92] dr-chandhana-vishal-n-plastic-surgeon                2098KB
[desktop 27/92] dr-sumedha-tirthani-dermatologist                    2456KB
[desktop 28/92] dr-thyagaraj-best-plastic-surgeon-in-bangalore       1807KB
[desktop 29/92] ear-lobe-repair-surgery-in-bangalore                 3589KB
[desktop 30/92] earlobe-repair-surgery-bengaluru                     4533KB
[desktop 31/92] fractional-co2-laser-skin-resurfacing-in-bangalore   4143KB
[desktop 32/92] gfc-hair-treatment-in-bangalore                      4354KB
[desktop 33/92] gynecomastia-surgery-bengaluru                       7692KB
[desktop 34/92] gynecomastia-surgery-in-bangalore                    3631KB
[desktop 35/92] hair-analysis-in-bangalore                           3435KB
[desktop 36/92] hair-transplant-in-bangalore-marathahalli-whitefield 3566KB
[desktop 37/92] hifu-a-non-surgical-facelift                         3295KB
[desktop 38/92] hifu-treatment-in-bangalore                          4051KB
[desktop 39/92] hollywood-facial-carbon-laser-peel-bangalore         4321KB
[desktop 40/92] how-can-you-treat-stubborn-pigmentation-and-achieve- 3103KB
[desktop 41/92] how-dermatologists-treat-acne-scars                  3195KB
[desktop 42/92] how-long-do-dermal-fillers-last                      3312KB
[desktop 43/92] how-to-prepare-skin-for-wedding                      4777KB
[desktop 44/92] hydrafacial-vs-chemical-peel                         3619KB
[desktop 45/92] image-gallery                                        3789KB
[desktop 46/92] inch-reduction-treatment-in-bangalore                473KB
[desktop 47/92] iv-glutathione-treatment-in-bangalore                7218KB
[desktop 48/92] iv-glutathione-treatment                             8864KB
[desktop 49/92] laser-hair-removal-in-bangalore                      4071KB
[desktop 50/92] laser-tattoo-removal-in-bangalore                    4305KB
[desktop 51/92] laser-toning-for-pigmentation                        4562KB
[desktop 52/92] laser-toning-treatment-in-bangalore                  5030KB
[desktop 53/92] liposuction-treatment-in-bangalore                   4001KB
[desktop 54/92] maintenance-page                                     239KB
[desktop 55/92] medical-facial-vs-salon-facial                       2982KB
[desktop 56/92] microdermabrasion-treatment-in-bangalore             3851KB
[desktop 57/92] mnrf-treatment-in-bangalore-microneedling-with-radio 3831KB
[desktop 58/92] mnrf-vs-co2-laser-for-acne-scars                     3730KB
[desktop 59/92] mole-removal-treatment-in-bangalore                  3942KB
[desktop 60/92] nad-iv-drips-treatment-in-bangalore                  4327KB
[desktop 61/92] pdrn-salmon-dna-facial-benefits                      3594KB
[desktop 62/92] phototherapy-for-skin-conditions                     3666KB
[desktop 63/92] phototherapy-treatment-in-bangalore                  4022KB
[desktop 64/92] privacy-policy                                       1067KB
[desktop 65/92] radio-frequency-skin-tightening-treatment            5053KB
[desktop 66/92] reconstructive-surgery-restoring-form-function-confi 2855KB
[desktop 67/92] rf-vs-hifu-skin-tightening                           6964KB
[desktop 68/92] rhinoplasty-nose-reshaping-surgery-bangalore         3231KB
[desktop 69/92] rhinoplasty-surgery-in-bangalore                     4444KB
[desktop 70/92] salmon-sperm-pdrn-facial-in-bangalore                4563KB
[desktop 71/92] skin-boosters-treatment-bengaluru                    5834KB
[desktop 72/92] skin-boosters-treatment-in-bangalore                 3882KB
[desktop 73/92] skin-boosters-vs-dermal-fillers                      3446KB
[desktop 74/92] skin-lightening-treatment-in-bangalore               4148KB
[desktop 75/92] skin-tightening-treatment-in-marathahalli-whitefield 4027KB
[desktop 76/92] terms-of-use                                         653KB
[desktop 77/92] thread-lift-vs-fillers-how-to-choose-the-right-treat 7155KB
[desktop 78/92] thread-lifts                                         4351KB
[desktop 79/92] vaser-liposuction-complete-guide                     3166KB
[desktop 80/92] video-gallery                                        3778KB
[desktop 81/92] vitiligo-laser-treatment-in-bangalore                3742KB
[desktop 82/92] vitiligo-repigmentation-treatment                    3218KB
[desktop 83/92] warts-removal-treatment-in-bangalore                 3277KB
[desktop 84/92] weight-loss-injections-bangalore                     3370KB
[desktop 85/92] weight-loss-injections-in-bangalore                  4660KB
[desktop 86/92] weight-loss-treatment-in-marathahalli                717KB
[desktop 87/92] what-is-preventive-botox-why-more-people-in-their-20 4847KB
[desktop 88/92] what-to-ask-before-cosmetic-surgery                  3733KB
[desktop 89/92] when-should-you-start-anti-ageing-treatments-in-beng 7501KB
[desktop 90/92] why-daily-sunscreen-is-your-best-skin-investment     1545KB
[desktop 91/92] xanthelasma-removal-bengaluru                        6951KB
[desktop 92/92] xanthelasma-removal-treatment-in-bangalore           4473KB

DONE. captured=92 suspect=0
